{
  "version": "1.5.0",
  "plugins_used": [
    {
      "name": "ArtifactoryDetector"
    },
    {
      "name": "AWSKeyDetector"
    },
    {
      "name": "AzureStorageKeyDetector"
    },
    {
      "name": "Base64HighEntropyString",
      "limit": 4.5
    },
    {
      "name": "BasicAuthDetector"
    },
    {
      "name": "CloudantDetector"
    },
    {
      "name": "DiscordBotTokenDetector"
    },
    {
      "name": "GitHubTokenDetector"
    },
    {
      "name": "GitLabTokenDetector"
    },
    {
      "name": "HexHighEntropyString",
      "limit": 3.0
    },
    {
      "name": "IbmCloudIamDetector"
    },
    {
      "name": "IbmCosHmacDetector"
    },
    {
      "name": "IPPublicDetector"
    },
    {
      "name": "JwtTokenDetector"
    },
    {
      "name": "KeywordDetector",
      "keyword_exclude": ""
    },
    {
      "name": "MailchimpDetector"
    },
    {
      "name": "NpmDetector"
    },
    {
      "name": "OpenAIDetector"
    },
    {
      "name": "PrivateKeyDetector"
    },
    {
      "name": "PypiTokenDetector"
    },
    {
      "name": "SendGridDetector"
    },
    {
      "name": "SlackDetector"
    },
    {
      "name": "SoftlayerDetector"
    },
    {
      "name": "SquareOAuthDetector"
    },
    {
      "name": "StripeDetector"
    },
    {
      "name": "TelegramBotTokenDetector"
    },
    {
      "name": "TwilioKeyDetector"
    }
  ],
  "filters_used": [
    {
      "path": "detect_secrets.filters.allowlist.is_line_allowlisted"
    },
    {
      "path": "detect_secrets.filters.common.is_ignored_due_to_verification_policies",
      "min_level": 2
    },
    {
      "path": "detect_secrets.filters.heuristic.is_indirect_reference"
    },
    {
      "path": "detect_secrets.filters.heuristic.is_likely_id_string"
    },
    {
      "path": "detect_secrets.filters.heuristic.is_lock_file"
    },
    {
      "path": "detect_secrets.filters.heuristic.is_not_alphanumeric_string"
    },
    {
      "path": "detect_secrets.filters.heuristic.is_potential_uuid"
    },
    {
      "path": "detect_secrets.filters.heuristic.is_prefixed_with_dollar_sign"
    },
    {
      "path": "detect_secrets.filters.heuristic.is_sequential_string"
    },
    {
      "path": "detect_secrets.filters.heuristic.is_swagger_file"
    },
    {
      "path": "detect_secrets.filters.heuristic.is_templated_secret"
    }
  ],
  "results": {
    "README.md": [
      {
        "type": "Basic Auth Credentials",
        "filename": "README.md",
        "hashed_secret": "35675e68f4b5af7b995d9205ad0fc43842f16450",
        "is_verified": false,
        "line_number": 192
      }
    ],
    "docs/design.md": [
      {
        "type": "Basic Auth Credentials",
        "filename": "docs/design.md",
        "hashed_secret": "35675e68f4b5af7b995d9205ad0fc43842f16450",
        "is_verified": false,
        "line_number": 107
      }
    ],
    "examples/01_celery_to_faststream/celery_client.py": [
      {
        "type": "Basic Auth Credentials",
        "filename": "examples/01_celery_to_faststream/celery_client.py",
        "hashed_secret": "35675e68f4b5af7b995d9205ad0fc43842f16450",
        "is_verified": false,
        "line_number": 22
      }
    ],
    "examples/01_celery_to_faststream/faststream_consumer.py": [
      {
        "type": "Basic Auth Credentials",
        "filename": "examples/01_celery_to_faststream/faststream_consumer.py",
        "hashed_secret": "35675e68f4b5af7b995d9205ad0fc43842f16450",
        "is_verified": false,
        "line_number": 27
      }
    ],
    "examples/02_faststream_to_celery/celery_worker.py": [
      {
        "type": "Basic Auth Credentials",
        "filename": "examples/02_faststream_to_celery/celery_worker.py",
        "hashed_secret": "35675e68f4b5af7b995d9205ad0fc43842f16450",
        "is_verified": false,
        "line_number": 18
      }
    ],
    "examples/02_faststream_to_celery/faststream_publisher.py": [
      {
        "type": "Basic Auth Credentials",
        "filename": "examples/02_faststream_to_celery/faststream_publisher.py",
        "hashed_secret": "35675e68f4b5af7b995d9205ad0fc43842f16450",
        "is_verified": false,
        "line_number": 21
      }
    ],
    "examples/02_faststream_to_celery/faststream_request.py": [
      {
        "type": "Basic Auth Credentials",
        "filename": "examples/02_faststream_to_celery/faststream_request.py",
        "hashed_secret": "35675e68f4b5af7b995d9205ad0fc43842f16450",
        "is_verified": false,
        "line_number": 26
      }
    ],
    "examples/03_both_ways/celery_client.py": [
      {
        "type": "Basic Auth Credentials",
        "filename": "examples/03_both_ways/celery_client.py",
        "hashed_secret": "35675e68f4b5af7b995d9205ad0fc43842f16450",
        "is_verified": false,
        "line_number": 17
      }
    ],
    "examples/03_both_ways/celery_worker.py": [
      {
        "type": "Basic Auth Credentials",
        "filename": "examples/03_both_ways/celery_worker.py",
        "hashed_secret": "35675e68f4b5af7b995d9205ad0fc43842f16450",
        "is_verified": false,
        "line_number": 13
      }
    ],
    "examples/03_both_ways/faststream_service.py": [
      {
        "type": "Basic Auth Credentials",
        "filename": "examples/03_both_ways/faststream_service.py",
        "hashed_secret": "35675e68f4b5af7b995d9205ad0fc43842f16450",
        "is_verified": false,
        "line_number": 26
      }
    ],
    "examples/04_payload_validation/celery_client.py": [
      {
        "type": "Basic Auth Credentials",
        "filename": "examples/04_payload_validation/celery_client.py",
        "hashed_secret": "35675e68f4b5af7b995d9205ad0fc43842f16450",
        "is_verified": false,
        "line_number": 14
      }
    ],
    "examples/04_payload_validation/faststream_consumer.py": [
      {
        "type": "Basic Auth Credentials",
        "filename": "examples/04_payload_validation/faststream_consumer.py",
        "hashed_secret": "35675e68f4b5af7b995d9205ad0fc43842f16450",
        "is_verified": false,
        "line_number": 36
      }
    ],
    "examples/05_fastapi/app.py": [
      {
        "type": "Basic Auth Credentials",
        "filename": "examples/05_fastapi/app.py",
        "hashed_secret": "35675e68f4b5af7b995d9205ad0fc43842f16450",
        "is_verified": false,
        "line_number": 33
      }
    ],
    "examples/05_fastapi/celery_client.py": [
      {
        "type": "Basic Auth Credentials",
        "filename": "examples/05_fastapi/celery_client.py",
        "hashed_secret": "35675e68f4b5af7b995d9205ad0fc43842f16450",
        "is_verified": false,
        "line_number": 15
      }
    ],
    "examples/05_fastapi/celery_worker.py": [
      {
        "type": "Basic Auth Credentials",
        "filename": "examples/05_fastapi/celery_worker.py",
        "hashed_secret": "35675e68f4b5af7b995d9205ad0fc43842f16450",
        "is_verified": false,
        "line_number": 10
      }
    ],
    "examples/06_canvas/celery_client.py": [
      {
        "type": "Basic Auth Credentials",
        "filename": "examples/06_canvas/celery_client.py",
        "hashed_secret": "35675e68f4b5af7b995d9205ad0fc43842f16450",
        "is_verified": false,
        "line_number": 17
      }
    ],
    "examples/06_canvas/celery_worker.py": [
      {
        "type": "Basic Auth Credentials",
        "filename": "examples/06_canvas/celery_worker.py",
        "hashed_secret": "35675e68f4b5af7b995d9205ad0fc43842f16450",
        "is_verified": false,
        "line_number": 12
      }
    ],
    "examples/06_canvas/faststream_middle.py": [
      {
        "type": "Basic Auth Credentials",
        "filename": "examples/06_canvas/faststream_middle.py",
        "hashed_secret": "35675e68f4b5af7b995d9205ad0fc43842f16450",
        "is_verified": false,
        "line_number": 29
      }
    ],
    "examples/08_scheduling/celery_client.py": [
      {
        "type": "Basic Auth Credentials",
        "filename": "examples/08_scheduling/celery_client.py",
        "hashed_secret": "35675e68f4b5af7b995d9205ad0fc43842f16450",
        "is_verified": false,
        "line_number": 16
      }
    ],
    "examples/08_scheduling/celery_worker.py": [
      {
        "type": "Basic Auth Credentials",
        "filename": "examples/08_scheduling/celery_worker.py",
        "hashed_secret": "35675e68f4b5af7b995d9205ad0fc43842f16450",
        "is_verified": false,
        "line_number": 12
      }
    ],
    "examples/08_scheduling/faststream_consumer.py": [
      {
        "type": "Basic Auth Credentials",
        "filename": "examples/08_scheduling/faststream_consumer.py",
        "hashed_secret": "35675e68f4b5af7b995d9205ad0fc43842f16450",
        "is_verified": false,
        "line_number": 25
      }
    ],
    "examples/08_scheduling/faststream_publisher.py": [
      {
        "type": "Basic Auth Credentials",
        "filename": "examples/08_scheduling/faststream_publisher.py",
        "hashed_secret": "35675e68f4b5af7b995d9205ad0fc43842f16450",
        "is_verified": false,
        "line_number": 20
      }
    ],
    "examples/09_router/celery_client.py": [
      {
        "type": "Basic Auth Credentials",
        "filename": "examples/09_router/celery_client.py",
        "hashed_secret": "35675e68f4b5af7b995d9205ad0fc43842f16450",
        "is_verified": false,
        "line_number": 15
      }
    ],
    "examples/09_router/faststream_app.py": [
      {
        "type": "Basic Auth Credentials",
        "filename": "examples/09_router/faststream_app.py",
        "hashed_secret": "35675e68f4b5af7b995d9205ad0fc43842f16450",
        "is_verified": false,
        "line_number": 22
      }
    ],
    "examples/10_observability/celery_client.py": [
      {
        "type": "Basic Auth Credentials",
        "filename": "examples/10_observability/celery_client.py",
        "hashed_secret": "35675e68f4b5af7b995d9205ad0fc43842f16450",
        "is_verified": false,
        "line_number": 13
      }
    ],
    "examples/10_observability/faststream_app.py": [
      {
        "type": "Basic Auth Credentials",
        "filename": "examples/10_observability/faststream_app.py",
        "hashed_secret": "35675e68f4b5af7b995d9205ad0fc43842f16450",
        "is_verified": false,
        "line_number": 33
      }
    ],
    "examples/11_middlewares_and_di/celery_client.py": [
      {
        "type": "Basic Auth Credentials",
        "filename": "examples/11_middlewares_and_di/celery_client.py",
        "hashed_secret": "35675e68f4b5af7b995d9205ad0fc43842f16450",
        "is_verified": false,
        "line_number": 15
      }
    ],
    "examples/11_middlewares_and_di/faststream_app.py": [
      {
        "type": "Basic Auth Credentials",
        "filename": "examples/11_middlewares_and_di/faststream_app.py",
        "hashed_secret": "35675e68f4b5af7b995d9205ad0fc43842f16450",
        "is_verified": false,
        "line_number": 31
      }
    ],
    "examples/12_testing/app.py": [
      {
        "type": "Basic Auth Credentials",
        "filename": "examples/12_testing/app.py",
        "hashed_secret": "35675e68f4b5af7b995d9205ad0fc43842f16450",
        "is_verified": false,
        "line_number": 15
      }
    ],
    "examples/13_security/README.md": [
      {
        "type": "Basic Auth Credentials",
        "filename": "examples/13_security/README.md",
        "hashed_secret": "e5e9fa1ba31ecd1ae84f75caaa474f3a663f05f4",
        "is_verified": false,
        "line_number": 31
      }
    ],
    "src/faststream_celery/broker/broker.py": [
      {
        "type": "Basic Auth Credentials",
        "filename": "src/faststream_celery/broker/broker.py",
        "hashed_secret": "35675e68f4b5af7b995d9205ad0fc43842f16450",
        "is_verified": false,
        "line_number": 77
      }
    ],
    "src/faststream_celery/fastapi/fastapi.py": [
      {
        "type": "Basic Auth Credentials",
        "filename": "src/faststream_celery/fastapi/fastapi.py",
        "hashed_secret": "35675e68f4b5af7b995d9205ad0fc43842f16450",
        "is_verified": false,
        "line_number": 69
      }
    ],
    "tests/integration/conftest.py": [
      {
        "type": "Basic Auth Credentials",
        "filename": "tests/integration/conftest.py",
        "hashed_secret": "35675e68f4b5af7b995d9205ad0fc43842f16450",
        "is_verified": false,
        "line_number": 47
      }
    ],
    "tests/unit/test_broker.py": [
      {
        "type": "Basic Auth Credentials",
        "filename": "tests/unit/test_broker.py",
        "hashed_secret": "35675e68f4b5af7b995d9205ad0fc43842f16450",
        "is_verified": false,
        "line_number": 25
      }
    ],
    "tests/unit/test_configs.py": [
      {
        "type": "Basic Auth Credentials",
        "filename": "tests/unit/test_configs.py",
        "hashed_secret": "35675e68f4b5af7b995d9205ad0fc43842f16450",
        "is_verified": false,
        "line_number": 37
      }
    ],
    "tests/unit/test_security.py": [
      {
        "type": "Secret Keyword",
        "filename": "tests/unit/test_security.py",
        "hashed_secret": "9d4e1e23bd5b727046a9e3b4b7db57bd8d6ee684",
        "is_verified": false,
        "line_number": 33
      }
    ],
    "tests/unit/test_specification.py": [
      {
        "type": "Basic Auth Credentials",
        "filename": "tests/unit/test_specification.py",
        "hashed_secret": "35675e68f4b5af7b995d9205ad0fc43842f16450",
        "is_verified": false,
        "line_number": 171
      }
    ]
  },
  "generated_at": "2026-09-04T20:27:35Z"
}
